{"main": {"main.b0": [], "cond": ["main.b0"], "body": ["main.b0", "cond"], "end": ["main.b0", "cond"]}}
