{"main": {"while.cond": ["while.body", "while.finish"], "while.body": [], "while.finish": []}}
