{"main": {"entry": [], "loop": ["br"], "br": [], "exit": []}}
