{"main": {"main.b0": [], "m_nonzero": ["main.b0"], "m_nonzero2": ["main.b0", "m_nonzero"], "m_nonzero3": ["main.b0", "m_nonzero", "m_nonzero2"], "end": ["main.b0"]}}
