{"main": {"main.b0": ["main.b0"], "lbl": ["main.b0", "lbl"], "end": ["main.b0", "lbl", "end"]}}
