{"main": {"main.b0": [], "lbl": ["main.b0"], "end": ["lbl"]}}
