{"main": {"main.b0": ["header"], "header": ["body", "end"], "body": [], "end": []}}
