{"main": {"main.b0": ["end"], "main.b1": ["end"], "end": []}}
