{"main": {"main.b0": [], "for.set.cond": ["main.b0"], "for.set.body": ["for.set.cond"], "for.set.end": ["for.set.cond"]}, "vec_mul": {"vec_mul.b0": [], "for.cond": ["vec_mul.b0"], "for.body": ["for.cond"], "for.end": ["for.cond"]}, "vec_copy": {"vec_copy.b0": []}, "dot_p": {"dot_p.b0": [], "for.cond": ["dot_p.b0"], "for.body": ["for.cond"], "for.end": ["for.cond"]}, "vec_sub": {"vec_sub.b0": []}, "vec_add": {"vec_add.b0": [], "for.cond": ["vec_add.b0"], "for.body": ["for.cond"], "for.end": ["for.cond"]}, "vec_add_inp": {"vec_add_inp.b0": []}, "vec_sub_inp": {"vec_sub_inp.b0": []}, "mat_vec": {"mat_vec.b0": [], "for.row.cond": ["mat_vec.b0"], "for.row.body": ["for.row.cond"], "for.col.cond": ["for.row.body"], "for.col.body": ["for.col.cond"], "for.col.end": ["for.col.cond"], "for.row.end": ["for.row.cond"]}, "get_sym": {"get_sym.b0": [], "for.zero.cond": ["get_sym.b0"], "for.zero.body": ["for.zero.cond"], "for.zero.end": ["for.zero.cond"], "for.cond": ["for.zero.end"], "for.body": ["for.cond"], "for.end": ["for.cond"]}, "disp_vec": {"disp_vec.b0": [], "for.cond": ["disp_vec.b0"], "for.body": ["for.cond"], "for.end": ["for.cond"]}, "cg": {"cg.b0": [], "for.cond": ["cg.b0"], "for.body": ["for.cond"], "cont": ["for.body"], "for.end": ["for.cond"]}}
