{"main": {"main.b0": []}, "factorial": {"factorial.b0": ["then.0", "else.0"], "then.0": [], "factorial.b1": [], "else.0": ["endif.0"], "endif.0": []}, "taylor_series_euler": {"taylor_series_euler.b0": ["for.cond.1"], "for.cond.1": ["for.body.1", "for.end.1"], "for.body.1": [], "for.end.1": []}}
