{"main": {"main.b0": [], "for.cond.4": ["main.b0"], "for.body.4": ["main.b0", "for.cond.4"], "then.18": ["main.b0", "for.cond.4", "for.body.4"], "else.18": ["main.b0", "for.cond.4", "for.body.4"], "endif.18": ["main.b0", "for.cond.4", "for.body.4"], "then.25": ["main.b0", "for.cond.4", "for.body.4", "endif.18"], "else.25": ["main.b0", "for.cond.4", "for.body.4", "endif.18"], "endif.25": ["main.b0", "for.cond.4", "for.body.4", "endif.18"], "for.end.4": ["main.b0", "for.cond.4"]}}
