{"main": {"main.b0": ["main.b0"], "for.cond.1": ["main.b0", "for.cond.1"], "for.body.1": ["main.b0", "for.cond.1", "for.body.1"], "then.7": ["main.b0", "for.cond.1", "for.body.1", "then.7"], "else.7": ["main.b0", "for.cond.1", "for.body.1", "else.7"], "endif.7": ["main.b0", "for.cond.1", "for.body.1", "endif.7"], "for.end.1": ["main.b0", "for.cond.1", "for.end.1"]}, "checkPrime": {"checkPrime.b0": ["checkPrime.b0"], "then.0": ["checkPrime.b0", "then.0"], "else.0": ["checkPrime.b0", "else.0"], "endif.0": ["checkPrime.b0", "else.0", "endif.0"], "for.cond.5": ["checkPrime.b0", "else.0", "endif.0", "for.cond.5"], "for.body.5": ["checkPrime.b0", "else.0", "endif.0", "for.cond.5", "for.body.5"], "then.18": ["checkPrime.b0", "else.0", "endif.0", "for.cond.5", "for.body.5", "then.18"], "else.18": ["checkPrime.b0", "else.0", "endif.0", "for.cond.5", "for.body.5", "else.18"], "endif.18": ["checkPrime.b0", "else.0", "endif.0", "for.cond.5", "for.body.5", "else.18", "endif.18"], "for.end.5": ["checkPrime.b0", "else.0", "endif.0", "for.cond.5", "for.end.5"]}}
