{"main": {"main.b0": [], "cond": ["print"], "loop": ["print"], "even": ["print"], "odd": ["print"], "print": [], "end": []}}
