{"main": {"main.b0": [], "loopcheck": ["main.b0"], "loopbody": ["main.b0", "loopcheck"], "ifyes": ["main.b0", "loopcheck", "loopbody"], "ifno": ["main.b0", "loopcheck", "loopbody"], "loopend": ["main.b0", "loopcheck"]}}
