{"hanoi": {"hanoi.b0": ["then", "else"], "then": [], "else": []}, "main": {"main.b0": []}}
