{"main": {"main.b0": []}, "fac": {"fac.b0": [], "then.0": ["endif.0"], "fac.b1": ["endif.0"], "else.0": [], "endif.0": []}}
