{"main": {"main.b0": ["then", "else"], "then": [], "else": []}}
