{"main": {"main.b0": [], "main.b1": ["somewhere"], "somewhere": []}}
