{"pack": {"pack.b0": []}, "print_array": {"print_array.b0": ["loop", "done"], "loop": ["done"], "body": ["loop", "loop_end", "done"], "loop_end": ["loop", "done"], "done": []}, "binary_search": {"binary_search.b0": ["check_valid"], "check_valid": [], "body": ["check_equal"], "check_equal": [], "found": [], "check_gt": [], "call_gt": [], "call_lt": [], "end": []}, "main": {"main.b0": []}}
