{"pack": {"pack.b0": []}, "print_array": {"print_array.b0": [], "loop": ["print_array.b0"], "body": ["loop"], "loop_end": ["body"], "done": ["loop"]}, "swap_cond": {"swap_cond.b0": [], "swap": ["swap_cond.b0"], "done": ["swap_cond.b0"]}, "main": {"main.b0": [], "loopi": ["main.b0"], "bodyi": ["loopi"], "loopj": ["bodyi"], "bodyj": ["loopj"], "loop_endj": ["bodyj"], "donej": ["loopj"], "loopi_end": ["donej"], "donei": ["loopi"]}}
