{"main": {"main.b0": []}, "queen": {"queen.b0": [], "next.ret": [], "for.cond": [], "for.body": ["for.cond"], "rec.func": ["next.loop"], "next.loop": ["for.cond"], "next.ret.1": []}, "valid": {"valid.b0": [], "for.cond": [], "for.body": ["for.cond"], "true.ret.0": [], "false.else": ["for.cond"], "true.ret.1": [], "false.loop": ["for.cond"], "ret.end": []}}
