{"main": {"main.b0": []}, "queen": {"queen.b0": [], "next.ret": [], "for.cond": ["next.ret.1"], "for.body": ["for.cond", "next.loop", "next.ret.1"], "rec.func": ["for.cond", "next.loop", "next.ret.1"], "next.loop": ["for.cond", "next.ret.1"], "next.ret.1": []}, "valid": {"valid.b0": ["for.cond"], "for.cond": [], "for.body": [], "true.ret.0": [], "false.else": [], "true.ret.1": [], "false.loop": ["for.cond"], "ret.end": []}}
