{"rand": {"rand.b0": []}, "randarray": {"randarray.b0": ["loop"], "loop": ["body", "done"], "body": ["loop_end"], "loop_end": [], "done": []}, "printarray": {"printarray.b0": ["loop"], "loop": ["body", "done"], "body": ["loop_end"], "loop_end": [], "done": []}, "matmul": {"matmul.b0": ["row.loop"], "row.loop": ["row.body", "row.done"], "row.body": ["col.loop"], "col.loop": ["col.body", "col.done"], "col.body": ["sum.loop"], "sum.loop": ["sum.body", "sum.done"], "sum.body": ["sum.loop_end"], "sum.loop_end": [], "sum.done": ["col.loop_end"], "col.loop_end": [], "col.done": ["row.loop_end"], "row.loop_end": [], "row.done": []}, "main": {"main.b0": []}}
