{"printUnmarked": {"printUnmarked.b0": [], "print.unmarked.for.cond": ["printUnmarked.b0"], "print.unmarked.for.body": ["printUnmarked.b0", "print.unmarked.for.cond"], "print.unmarked.print": ["printUnmarked.b0", "print.unmarked.for.cond", "print.unmarked.for.body"], "print.unmarked.skip.print": ["printUnmarked.b0", "print.unmarked.for.cond", "print.unmarked.for.body"], "print.unmarked.for.end": ["printUnmarked.b0", "print.unmarked.for.cond"]}, "findNextP": {"findNextP.b0": [], "find.next.p.continue": ["findNextP.b0"], "find.next.p.in.bounds": ["findNextP.b0", "find.next.p.continue"], "find.next.p.done": ["findNextP.b0", "find.next.p.continue", "find.next.p.in.bounds"], "find.next.p.not.in.bounds": ["findNextP.b0", "find.next.p.continue"]}, "markMultiples": {"markMultiples.b0": [], "mark.multiples.continue": ["markMultiples.b0"], "mark.multiples.store": ["markMultiples.b0", "mark.multiples.continue"], "mark.multiples.done": ["markMultiples.b0", "mark.multiples.continue"]}, "populateTable": {"populateTable.b0": [], "populate.table.for.cond": ["populateTable.b0"], "populate.table.for.body": ["populateTable.b0", "populate.table.for.cond"], "populate.table.for.end": ["populateTable.b0", "populate.table.for.cond"]}, "printPrimesUpTo": {"printPrimesUpTo.b0": [], "print.primes.up.to.continue": ["printPrimesUpTo.b0"], "print.primes.up.to.done": ["printPrimesUpTo.b0", "print.primes.up.to.continue"]}, "main": {"main.b0": []}}
