{"main": {"main.b0": ["main.b0"], "failed": ["failed"]}}
