{"main": {"main.b0": ["there"], "here": ["there"], "there": []}}
