{"pack": {"pack.b0": ["pack.b0"]}, "max": {"max.b0": ["max.b0"], "less": ["less"], "biggereq": ["biggereq"]}, "main": {"main.b0": ["main.b0", "loop", "done"], "loop": ["loop", "done"], "bodyi": ["loop", "bodyi", "done"], "done": ["done"]}}
