{"main": {"main.b0": ["main.b0"]}, "qsort": {"qsort.b0": ["qsort.b0", "done"], "continue": ["continue", "done"], "done": ["done"]}, "partition": {"partition.b0": ["partition.b0", "loop.init", "post.loop"], "loop.init": ["loop.init", "post.loop"], "body": ["loop.init", "body", "post.loop"], "swap": ["loop.init", "swap", "post.loop"], "post.loop": ["post.loop"]}, "pack": {"pack.b0": ["pack.b0"]}, "print_array": {"print_array.b0": ["print_array.b0", "loop", "done"], "loop": ["loop", "done"], "body": ["loop", "body", "loop_end", "done"], "loop_end": ["loop", "loop_end", "done"], "done": ["done"]}}
