{"rand": {"rand.b0": ["rand.b0"]}, "randarray": {"randarray.b0": ["randarray.b0", "loop", "done"], "loop": ["loop", "done"], "body": ["loop", "body", "loop_end", "done"], "loop_end": ["loop", "loop_end", "done"], "done": ["done"]}, "main": {"main.b0": ["main.b0", "loop", "done"], "loop": ["loop", "done"], "body": ["body", "done"], "done": ["done"]}}
