{"rand": {"rand.b0": []}, "randarray": {"randarray.b0": ["loop", "done"], "loop": ["done"], "body": ["loop", "loop_end", "done"], "loop_end": ["loop", "done"], "done": []}, "main": {"main.b0": ["loop", "done"], "loop": ["done"], "body": ["done"], "done": []}}
