{"main": {"main.b0": [], "true": [], "false": [], "zexit": ["main.b0", "true", "false"]}}
