{"add5": {"add5.b0": []}, "main": {"main.b0": []}}
