{"main": {"main.b0": []}, "printBinary": {"printBinary.b0": [], "rec": ["end"], "end": []}, "mod": {"mod.b0": []}}
