{"main": {"main.b0": [], "for.cond.1": [], "for.body.1": ["for.cond.1"], "then.7": ["for.body.1"], "else.7": ["for.body.1"], "endif.7": ["for.cond.1"], "for.end.1": []}, "checkPrime": {"checkPrime.b0": [], "then.0": ["checkPrime.b0"], "else.0": ["checkPrime.b0"], "endif.0": ["checkPrime.b0"], "for.cond.5": ["checkPrime.b0", "for.body.5"], "for.body.5": ["for.cond.5"], "then.18": ["for.body.5"], "else.18": ["for.body.5"], "endif.18": ["for.body.5"], "for.end.5": ["for.cond.5"]}}
