{"main": {"main.b0": [], "outer_loop": ["main.b0"], "inner_loop": ["main.b0", "outer_loop"], "found": ["main.b0", "outer_loop", "inner_loop"], "inner_continue": ["main.b0", "outer_loop", "inner_loop"], "outer_continue": ["main.b0", "outer_loop", "inner_loop", "inner_continue"], "finish": ["main.b0", "outer_loop", "inner_loop", "inner_continue", "outer_continue"]}}
