{"main": {"main.b0": [], "outer_loop": ["main.b0"], "inner_loop": ["outer_loop"], "found": ["inner_loop"], "inner_continue": ["inner_loop"], "outer_continue": ["inner_continue"], "finish": ["outer_continue"]}}
