{"main": {"main.b0": ["end"], "flip": ["end"], "end": []}, "area": {"area.b0": []}}
