{"main": {"main.b0": [], "for.cond.3": ["main.b0"], "for.body.3": ["main.b0", "for.cond.3"], "if.body": ["main.b0", "for.cond.3", "for.body.3"], "for.incre": ["main.b0", "for.cond.3", "for.body.3"], "for.end.3": ["main.b0", "for.cond.3"]}}
