{"main": {"main.b0": ["for.cond.3"], "for.cond.3": ["for.end.3"], "for.body.3": ["for.cond.3"], "if.body": ["for.cond.3"], "for.incre": ["for.cond.3"], "for.end.3": []}}
