{"main": {"top": ["there"], "here": ["there"], "there": []}}
