{"cons": {"cons.b0": []}, "print_list": {"print_list.b0": [], "print": ["end"], "end": []}, "free_list": {"free_list.b0": [], "freetail": ["end"], "end": []}, "main": {"main.b0": []}}
