{"pow": {"pow.b0": [], "while": ["pow.b0", "continue"], "continue": [], "endwhile": ["while"]}, "n_root": {"n_root.b0": [], "while": ["n_root.b0", "continue"], "continue": [], "endwhile": ["while"]}, "pack": {"pack.b0": []}, "print_array": {"print_array.b0": [], "loop": ["print_array.b0", "loop_end"], "body": [], "loop_end": ["body"], "done": ["loop"]}, "euclidean_norm": {"euclidean_norm.b0": [], "loop": ["euclidean_norm.b0", "loop_end"], "body": [], "loop_end": ["body"], "done": ["loop"]}, "main": {"main.b0": []}}
