{"main": {"main.b0": ["main.b0"]}, "pow": {"pow.b0": ["pow.b0"], "for.cond.1": ["pow.b0", "for.cond.1"], "for.body.1": ["pow.b0", "for.cond.1", "for.body.1"], "for.end.1": ["pow.b0", "for.cond.1", "for.end.1"]}}
