{"main": {"main.b0": []}, "square_function": {"square_function.b0": []}, "left_riemann": {"left_riemann.b0": [], "while.header": ["left_riemann.b0", "while.body"], "while.body": [], "while.end": ["while.header"]}, "right_riemann": {"right_riemann.b0": [], "while.header": ["right_riemann.b0", "while.body"], "while.body": [], "while.end": ["while.header"]}, "midpoint_riemann": {"midpoint_riemann.b0": [], "while.header": ["midpoint_riemann.b0", "while.body"], "while.body": [], "while.end": ["while.header"]}}
