{"main": {"main.b0": []}, "addboth": {"addboth.b0": []}}
